2026-07-07T18:30:49.218+0800 [INFO]  Terraform version: 1.15.7
2026-07-07T18:30:49.218+0800 [DEBUG] using github.com/hashicorp/go-tfe v1.105.0
2026-07-07T18:30:49.218+0800 [DEBUG] using github.com/hashicorp/hcl/v2 v2.24.0
2026-07-07T18:30:49.218+0800 [DEBUG] using github.com/hashicorp/terraform-svchost v0.2.1
2026-07-07T18:30:49.218+0800 [DEBUG] using github.com/zclconf/go-cty v1.18.0
2026-07-07T18:30:49.218+0800 [INFO]  Go runtime version: go1.25.10
2026-07-07T18:30:49.218+0800 [INFO]  CLI args: []string{"terraform", "init"}
2026-07-07T18:30:49.218+0800 [TRACE] Stdout is a terminal of width 110
2026-07-07T18:30:49.218+0800 [TRACE] Stderr is a terminal of width 110
2026-07-07T18:30:49.218+0800 [TRACE] Stdin is a terminal
2026-07-07T18:30:49.218+0800 [DEBUG] Attempting to open CLI config file: /home/kyipyar/.terraformrc
2026-07-07T18:30:49.218+0800 [DEBUG] File doesn't exist, but doesn't need to. Ignoring.
2026-07-07T18:30:49.218+0800 [DEBUG] ignoring non-existing provider search directory terraform.d/plugins
2026-07-07T18:30:49.218+0800 [DEBUG] ignoring non-existing provider search directory /home/kyipyar/.terraform.d/plugins
2026-07-07T18:30:49.218+0800 [DEBUG] ignoring non-existing provider search directory /home/kyipyar/.local/share/terraform/plugins
2026-07-07T18:30:49.218+0800 [DEBUG] ignoring non-existing provider search directory /usr/local/share/terraform/plugins
2026-07-07T18:30:49.218+0800 [DEBUG] ignoring non-existing provider search directory /usr/share/terraform/plugins
2026-07-07T18:30:49.218+0800 [DEBUG] ignoring non-existing provider search directory /var/lib/snapd/desktop/terraform/plugins
2026-07-07T18:30:49.219+0800 [INFO]  CLI command args: []string{"init"}
2026-07-07T18:30:49.220+0800 [TRACE] terraform.NewContext: starting
2026-07-07T18:30:49.220+0800 [TRACE] terraform.NewContext: complete
2026-07-07T18:30:49.220+0800 [TRACE] building graph for terraform dependencies
2026-07-07T18:30:49.220+0800 [TRACE] Executing graph transform *terraform.RootVariableTransformer
2026-07-07T18:30:49.220+0800 [TRACE] Executing graph transform *terraform.ModuleTransformer
2026-07-07T18:30:49.220+0800 [TRACE] Executing graph transform *terraform.LocalTransformer
2026-07-07T18:30:49.220+0800 [TRACE] Executing graph transform *terraform.ReferenceTransformer
2026-07-07T18:30:49.220+0800 [TRACE] Executing graph transform *terraform.TransformFilter
2026-07-07T18:30:49.220+0800 [TRACE] Executing graph transform *terraform.variableValidationTransformer
2026-07-07T18:30:49.220+0800 [TRACE] variableValidationTransformer: adding validation nodes for any existing variable evaluation nodes
2026-07-07T18:30:49.220+0800 [TRACE] Executing graph transform *terraform.RootTransformer
2026-07-07T18:30:49.220+0800 [TRACE] Executing graph transform *terraform.TransitiveReductionTransformer
2026-07-07T18:30:49.220+0800 [TRACE] Completed graph transform:
root - terraform.graphNodeRoot
  ------
2026-07-07T18:30:49.220+0800 [DEBUG] Starting graph walk: walkInit
2026-07-07T18:30:49.221+0800 [TRACE] vertex "root": starting visit (terraform.graphNodeRoot)
2026-07-07T18:30:49.221+0800 [TRACE] vertex "root": does not belong to any module instance
2026-07-07T18:30:49.221+0800 [TRACE] vertex "root": visit complete
2026-07-07T18:30:49.221+0800 [DEBUG] Service discovery for registry.terraform.io at https://registry.terraform.io/.well-known/terraform.json
2026-07-07T18:30:49.443+0800 [DEBUG] GET https://registry.terraform.io/v1/providers/hashicorp/aws/versions
2026-07-07T18:30:49.443+0800 [TRACE] HTTP client GET request to https://registry.terraform.io/v1/providers/hashicorp/aws/versions
2026-07-07T18:30:49.489+0800 [TRACE] providercache.fillMetaCache: scanning directory .terraform/providers
2026-07-07T18:30:49.491+0800 [TRACE] getproviders.SearchLocalDirectory: found registry.terraform.io/hashicorp/aws v6.53.0 for linux_amd64 at .terraform/providers/registry.terraform.io/hashicorp/aws/6.53.0/linux_amd64
2026-07-07T18:30:49.491+0800 [TRACE] providercache.fillMetaCache: including .terraform/providers/registry.terraform.io/hashicorp/aws/6.53.0/linux_amd64 as a candidate package for registry.terraform.io/hashicorp/aws 6.53.0
2026-07-07T18:30:50.301+0800 [TRACE] Meta.Backend: no config given or present on disk, so returning nil config
2026-07-07T18:30:50.301+0800 [TRACE] Meta.Backend: backend has not previously been initialized in this working directory
2026-07-07T18:30:50.301+0800 [TRACE] Meta.Backend: using default local state only (no backend configuration, and no existing initialized backend)
2026-07-07T18:30:50.301+0800 [TRACE] Meta.Backend: instantiated backend of type <nil>
2026-07-07T18:30:50.301+0800 [TRACE] providercache.fillMetaCache: scanning directory .terraform/providers
2026-07-07T18:30:50.301+0800 [TRACE] getproviders.SearchLocalDirectory: found registry.terraform.io/hashicorp/aws v6.53.0 for linux_amd64 at .terraform/providers/registry.terraform.io/hashicorp/aws/6.53.0/linux_amd64
2026-07-07T18:30:50.301+0800 [TRACE] providercache.fillMetaCache: including .terraform/providers/registry.terraform.io/hashicorp/aws/6.53.0/linux_amd64 as a candidate package for registry.terraform.io/hashicorp/aws 6.53.0
2026-07-07T18:30:50.819+0800 [DEBUG] checking for provisioner in "."
2026-07-07T18:30:50.829+0800 [DEBUG] checking for provisioner in "/usr/bin"
2026-07-07T18:30:50.829+0800 [TRACE] Meta.Backend: backend <nil> does not support operations, so wrapping it in a local backend
2026-07-07T18:30:50.829+0800 [TRACE] backend/local: state manager for workspace "default" will:
 - read initial snapshot from terraform.tfstate
 - write new snapshots to terraform.tfstate
 - create any backup at terraform.tfstate.backup
2026-07-07T18:30:50.829+0800 [TRACE] statemgr.Filesystem: reading initial snapshot from terraform.tfstate
2026-07-07T18:30:50.829+0800 [TRACE] statemgr.Filesystem: snapshot file has nil snapshot, but that's okay
2026-07-07T18:30:50.829+0800 [TRACE] statemgr.Filesystem: read nil snapshot
